........................................................................ [ 74%]
.........................                                                [100%]
97 passed in 2.24s
